# Compilation Logs
No errors found.
